Microchip MPLAB XC8 Compiler V2.40

Linker command line:

-W-3 \
  --edf=C:\Program Files\Microchip\xc8\v2.40\pic\dat\20220703182018_en.msgs \
  -cn -h+dist/default/production\LCD.X.production.sym \
  --cmf=dist/default/production\LCD.X.production.cmf -z -Q16F887 \
  -oC:\Users\byron\AppData\Local\Temp\xcAs1css.4 --defsym=__MPLAB_BUILD=1 \
  --fixupoverflow=error -Mdist/default/production/LCD.X.production.map \
  --md=C:\Users\byron\AppData\Local\Temp\xcAs1css.dat -E1 -ver=XC8 Compiler \
  --acfsm=1493 -ACODE=00h-07FFhx4 -ASTRCODE=00h-01FFFh -ASTRING=00h-0FFhx32 \
  -ACONST=00h-0FFhx32 -AENTRY=00h-0FFhx32 -ACOMMON=070h-07Fh \
  -ABANK0=020h-06Fh -ABANK1=0A0h-0EFh -ABANK2=0110h-016Fh \
  -ABANK3=0190h-01EFh -ARAM=020h-06Fh,0A0h-0EFh,0110h-016Fh,0190h-01EFh \
  -AABS1=020h-07Fh,0A0h-0EFh,0110h-016Fh,0190h-01EFh -ASFR0=00h-01Fh \
  -ASFR1=080h-09Fh -ASFR2=0100h-010Fh -ASFR3=0180h-018Fh \
  -ACONFIG=02007h-02008h -DCONFIG=2 -AIDLOC=02000h-02003h -DIDLOC=2 \
  -AEEDATA=00h-0FFh/02100h -peeprom_data=EEDATA -DEEDATA=2 -DCODE=2 \
  -DSTRCODE=2 -DSTRING=2 -DCONST=2 -DENTRY=2 \
  -preset_vec=00h,intentry,init,end_init -ppowerup=CODE -pcinit=CODE \
  -pfunctab=ENTRY -k C:\Users\byron\AppData\Local\Temp\xcAs1css.o \
  dist/default/production\LCD.X.production.o 

Object code version is 3.11

Machine type is 16F887



                Name                               Link     Load   Length Selector   Space Scale
C:\Users\byron\AppData\Local\Temp\xcAs1css.o
                end_init                              0        0        3        0       0
                config                             2007     2007        2        0       4
                idloc                              2000     2000        4        0       5
dist/default/production\LCD.X.production.o
                cinit                               7FC      7FC        4      FF8       0
                config                             2007     2007        2        0       4
                idloc                              2000     2000        4        0       5
                text34                             1B70     1B70       22     36E0       0
                text33                             1B56     1B56       1A     36AC       0
                text32                             1B26     1B26        D     364C       0
                text31                             1DFA     1DFA       5D     3BF4       0
                text30                             1D66     1D66       46     3ACC       0
                text29                             1C2F     1C2F       35     385E       0
                text28                             1C9E     1C9E       42     393C       0
                text27                             11CA     11CA      1D3     2394       0
                text26                             1CE0     1CE0       42     39C0       0
                text25                             1B33     1B33       11     3666       0
                text24                             1C02     1C02       2D     3804       0
                text23                             1E57     1E57       62     3CAE       0
                text22                             1DAC     1DAC       4E     3B58       0
                text21                              802      802       A2     1004       0
                text20                             1B1B     1B1B        B     3636       0
                text19                             15A8     15A8      258     2B50       0
                text18                             1B92     1B92       24     3724       0
                text17                             1F88     1F88       78     3F10       0
                text16                             1EB9     1EB9       66     3D72       0
                text15                                5        5       54        A       0
                text14                             1BB6     1BB6       25     376C       0
                text13                             1112     1112       B8     2224       0
                text12                              8A4      8A4       B8     1148       0
                text11                             105B     105B       B7     20B6       0
                text10                             1BDB     1BDB       27     37B6       0
                text9                               95C      95C      345     12B8       0
                text8                              1D22     1D22       44     3A44       0
                text7                              1C64     1C64       3A     38C8       0
                text6                              139D     139D      20B     273A       0
                text5                              1B44     1B44       12     3688       0
                text4                              1F1F     1F1F       69     3E3E       0
                text3                              1002     1002       59     2004       0
                text2                               CA1      CA1      35F     1942       0
                text1                               1BC      1BC      640      378       0
                maintext                             59       59      163       B2       0
                cstackBANK0                          20       20       4E       20       1
                cstackCOMMON                         70       70        E       70       1
                cstackBANK1                          A0       A0       35       A0       1
                strings                            1800     1800       B3     3000       0

TOTAL           Name                               Link     Load   Length     Space
        CLASS   CODE           
                end_init                              0        0        3         0
                cinit                               7FC      7FC        4         0
                text34                             1B70     1B70       22         0
                text33                             1B56     1B56       1A         0
                text32                             1B26     1B26        D         0
                text31                             1DFA     1DFA       5D         0
                text30                             1D66     1D66       46         0
                text29                             1C2F     1C2F       35         0
                text28                             1C9E     1C9E       42         0
                text27                             11CA     11CA      1D3         0
                text26                             1CE0     1CE0       42         0
                text25                             1B33     1B33       11         0
                text24                             1C02     1C02       2D         0
                text23                             1E57     1E57       62         0
                text22                             1DAC     1DAC       4E         0
                text21                              802      802       A2         0
                text20                             1B1B     1B1B        B         0
                text19                             15A8     15A8      258         0
                text18                             1B92     1B92       24         0
                text17                             1F88     1F88       78         0
                text16                             1EB9     1EB9       66         0
                text15                                5        5       54         0
                text14                             1BB6     1BB6       25         0
                text13                             1112     1112       B8         0
                text12                              8A4      8A4       B8         0
                text11                             105B     105B       B7         0
                text10                             1BDB     1BDB       27         0
                text9                               95C      95C      345         0
                text8                              1D22     1D22       44         0
                text7                              1C64     1C64       3A         0
                text6                              139D     139D      20B         0
                text5                              1B44     1B44       12         0
                text4                              1F1F     1F1F       69         0
                text3                              1002     1002       59         0
                text2                               CA1      CA1      35F         0
                text1                               1BC      1BC      640         0
                maintext                             59       59      163         0

        CLASS   STRCODE        

        CLASS   STRING         
                strings                            1800     1800       B3         0

        CLASS   CONST          

        CLASS   ENTRY          

        CLASS   COMMON         
                cstackCOMMON                         70       70        E         1

        CLASS   BANK0          
                cstackBANK0                          20       20       4E         1

        CLASS   BANK1          
                cstackBANK1                          A0       A0       35         1

        CLASS   BANK2          

        CLASS   BANK3          

        CLASS   RAM            

        CLASS   ABS1           
                abs_s1                               7E       7E        2         1

        CLASS   SFR0           

        CLASS   SFR1           

        CLASS   SFR2           

        CLASS   SFR3           

        CLASS   CONFIG         
                config                             2007     2007        2         4

        CLASS   IDLOC          
                idloc                              2000     2000        4         5

        CLASS   EEDATA         

        CLASS   STACK          



SEGMENTS        Name                           Load    Length   Top    Selector   Space  Class     Delta

                reset_vec                      000000  000003  000003         0       0  CODE        2
                text15                         000005  000054  000059         A       0  CODE        2
                cstackBANK0                    000020  00004E  00006E        20       1  BANK0       1
                cstackCOMMON                   000070  00000E  00007E        70       1  COMMON      1
                cstackBANK1                    0000A0  000035  0000D5        A0       1  BANK1       1
                maintext                       000059  000163  0001BC        B2       0  CODE        2
                text1                          0001BC  000640  0007FC       378       0  CODE        2
                cinit                          0007FC  000004  000800       FF8       0  CODE        2
                text21                         000802  0000A2  0008A4      1004       0  CODE        2
                text12                         0008A4  0000B8  00095C      1148       0  CODE        2
                text9                          00095C  000345  000CA1      12B8       0  CODE        2
                text2                          000CA1  00035F  001000      1942       0  CODE        2
                text3                          001002  000059  00105B      2004       0  CODE        2
                text11                         00105B  0000B7  001112      20B6       0  CODE        2
                text13                         001112  0000B8  0011CA      2224       0  CODE        2
                text27                         0011CA  0001D3  00139D      2394       0  CODE        2
                text6                          00139D  00020B  0015A8      273A       0  CODE        2
                text19                         0015A8  000258  001800      2B50       0  CODE        2
                strings                        001800  0000B3  0018B3      3000       0  STRING      2
                text20                         001B1B  00000B  001B26      3636       0  CODE        2
                text32                         001B26  00000D  001B33      364C       0  CODE        2
                text25                         001B33  000011  001B44      3666       0  CODE        2
                text5                          001B44  000012  001B56      3688       0  CODE        2
                text33                         001B56  00001A  001B70      36AC       0  CODE        2
                text34                         001B70  000022  001B92      36E0       0  CODE        2
                text18                         001B92  000024  001BB6      3724       0  CODE        2
                text14                         001BB6  000025  001BDB      376C       0  CODE        2
                text10                         001BDB  000027  001C02      37B6       0  CODE        2
                text24                         001C02  00002D  001C2F      3804       0  CODE        2
                text29                         001C2F  000035  001C64      385E       0  CODE        2
                text7                          001C64  00003A  001C9E      38C8       0  CODE        2
                text28                         001C9E  000042  001CE0      393C       0  CODE        2
                text26                         001CE0  000042  001D22      39C0       0  CODE        2
                text8                          001D22  000044  001D66      3A44       0  CODE        2
                text30                         001D66  000046  001DAC      3ACC       0  CODE        2
                text22                         001DAC  00004E  001DFA      3B58       0  CODE        2
                text31                         001DFA  00005D  001E57      3BF4       0  CODE        2
                text23                         001E57  000062  001EB9      3CAE       0  CODE        2
                text16                         001EB9  000066  001F1F      3D72       0  CODE        2
                text4                          001F1F  000069  001F88      3E3E       0  CODE        2
                text17                         001F88  000078  002000      3F10       0  CODE        2


UNUSED ADDRESS RANGES

        Name                Unused          Largest block    Delta
        BANK0            006E-006F              2           1
        BANK1            00D5-00EF             1B           1
        BANK2            0110-016F             60           1
        BANK3            0190-01EF             60           1
        CODE             0003-0004              2           2
                         0800-0801              2
                         1000-1001              2
                         18B3-1B1A            268
        CONST            0003-0004              2           2
                         0800-0801              2
                         1000-1001              2
                         18B3-1B1A            100
        EEDATA           2100-21FF            100           2
        ENTRY            0003-0004              2           2
                         0800-0801              2
                         1000-1001              2
                         18B3-1B1A            100
        RAM              006E-006F              2           1
                         00D5-00EF             1B
                         0110-016F             60
                         0190-01EF             60
        SFR0             0000-001F             20           1
        SFR1             0080-009F             20           1
        SFR2             0100-010F             10           1
        SFR3             0180-018F             10           1
        STRCODE          0003-0004              2           2
                         0800-0801              2
                         1000-1001              2
                         18B3-1B1A            268
        STRING           0003-0004              2           2
                         0800-0801              2
                         1000-1001              2
                         18B3-1B1A            100

                                  Symbol Table

?__Umul8_16                     cstackCOMMON 0070
?___awdiv                       cstackCOMMON 0077
?___awmod                       cstackCOMMON 0070
?___fladd                       cstackBANK0  0052
?___fldiv                       cstackBANK0  003E
?___flmul                       cstackBANK0  0024
?___flneg                       cstackCOMMON 0070
?___flsub                       cstackBANK0  0066
?___fltol                       cstackBANK0  0051
?___lldiv                       cstackCOMMON 0070
?___llmod                       cstackCOMMON 0070
?___lwdiv                       cstackCOMMON 0076
?___lwmod                       cstackCOMMON 0070
?___wmul                        cstackCOMMON 0070
?___xxtofl                      cstackCOMMON 0070
?__div_to_l_                    cstackCOMMON 0070
?__tdiv_to_l_                   cstackCOMMON 0070
?_fround                        cstackBANK0  003E
?_scale                         cstackBANK0  003E
?_sprintf                       cstackBANK1  00A0
Lcd_Cmd_4bits@a                 cstackCOMMON 0073
Lcd_Port_4bits@a                cstackCOMMON 0070
Lcd_Set_Cursor_4bits@a          cstackCOMMON 0076
Lcd_Set_Cursor_4bits@b          cstackCOMMON 0074
Lcd_Set_Cursor_4bits@temp       cstackCOMMON 0079
Lcd_Set_Cursor_4bits@y          cstackCOMMON 0078
Lcd_Set_Cursor_4bits@z          cstackCOMMON 0077
Lcd_Write_Char_4bits@a          cstackCOMMON 0074
Lcd_Write_Char_4bits@temp       cstackCOMMON 0072
Lcd_Write_Char_4bits@y          cstackCOMMON 0073
Lcd_Write_String_4bits@a        cstackCOMMON 0075
Lcd_Write_String_4bits@i        cstackCOMMON 007A
_ADCON0bits                     (abs)        001F
_ADCON1bits                     (abs)        009F
_ADIF                           (abs)        0066
_ADRESH                         (abs)        001E
_ANSEL                          (abs)        0188
_ANSELH                         (abs)        0189
_ANSELbits                      (abs)        0188
_Lcd_Clear_4bits                text32       1B26
_Lcd_Cmd_4bits                  text33       1B56
_Lcd_Init_4bits                 text31       1DFA
_Lcd_Port_4bits                 text34       1B70
_Lcd_Set_Cursor_4bits           text30       1D66
_Lcd_Write_Char_4bits           text29       1C2F
_Lcd_Write_String_4bits         text28       1C9E
_OSCCONbits                     (abs)        008F
_PORTB                          (abs)        0006
_PORTC                          (abs)        0007
_PORTD                          (abs)        0008
_PORTDbits                      (abs)        0008
_PORTE                          (abs)        0009
_TRISAbits                      (abs)        0085
_TRISB                          (abs)        0086
_TRISC                          (abs)        0087
_TRISD                          (abs)        0088
_TRISE                          (abs)        0089
__Habs1                         abs1         0000
__Hbank0                        bank0        0000
__Hbank1                        bank1        0000
__Hbank2                        bank2        0000
__Hbank3                        bank3        0000
__Hcinit                        cinit        0800
__Hclrtext                      clrtext      0000
__Hcode                         code         0000
__Hcommon                       common       0000
__Hconfig                       config       2009
__HcstackBANK0                  cstackBANK0  0000
__HcstackBANK1                  cstackBANK1  0000
__HcstackCOMMON                 cstackCOMMON 0000
__Heeprom_data                  eeprom_data  0000
__Hend_init                     end_init     0003
__Hfunctab                      functab      0000
__Hidloc                        idloc        2004
__Hinit                         init         0000
__Hintentry                     intentry     0000
__Hmaintext                     maintext     0000
__Hpowerup                      powerup      0000
__Hram                          ram          0000
__Hreset_vec                    reset_vec    0000
__Hsfr0                         sfr0         0000
__Hsfr1                         sfr1         0000
__Hsfr2                         sfr2         0000
__Hsfr3                         sfr3         0000
__Hspace_0                      (abs)        2000
__Hspace_1                      (abs)        00D5
__Hspace_2                      (abs)        0000
__Hspace_3                      (abs)        0000
__Hspace_4                      (abs)        4010
__Hstack                        stack        0000
__Hstrings                      strings      0000
__Htext                         text         0000
__Labs1                         abs1         0000
__Lbank0                        bank0        0000
__Lbank1                        bank1        0000
__Lbank2                        bank2        0000
__Lbank3                        bank3        0000
__Lcinit                        cinit        07FC
__Lclrtext                      clrtext      0000
__Lcode                         code         0000
__Lcommon                       common       0000
__Lconfig                       config       0000
__LcstackBANK0                  cstackBANK0  0000
__LcstackBANK1                  cstackBANK1  0000
__LcstackCOMMON                 cstackCOMMON 0000
__Leeprom_data                  eeprom_data  0000
__Lend_init                     end_init     0000
__Lfunctab                      functab      0000
__Lidloc                        idloc        0000
__Linit                         init         0000
__Lintentry                     intentry     0000
__Lmaintext                     maintext     0000
__Lpowerup                      powerup      0000
__Lram                          ram          0000
__Lreset_vec                    reset_vec    0000
__Lsfr0                         sfr0         0000
__Lsfr1                         sfr1         0000
__Lsfr2                         sfr2         0000
__Lsfr3                         sfr3         0000
__Lspace_0                      (abs)        0000
__Lspace_1                      (abs)        0000
__Lspace_2                      (abs)        0000
__Lspace_3                      (abs)        0000
__Lspace_4                      (abs)        0000
__Lstack                        stack        0000
__Lstrings                      strings      0000
__Ltext                         text         0000
__S0                            (abs)        2000
__S1                            (abs)        00D5
__S3                            (abs)        0000
__Umul8_16                      text10       1BDB
__Umul8_16@multiplicand         cstackCOMMON 0070
__Umul8_16@multiplier           cstackCOMMON 0078
__Umul8_16@product              cstackCOMMON 0074
__Umul8_16@word_mpld            cstackCOMMON 0076
___awdiv                        text4        1F1F
___awdiv@counter                cstackBANK0  0020
___awdiv@dividend               cstackCOMMON 0079
___awdiv@divisor                cstackCOMMON 0077
___awdiv@quotient               cstackBANK0  0022
___awdiv@sign                   cstackBANK0  0021
___awmod                        text3        1002
___awmod@counter                cstackCOMMON 0075
___awmod@dividend               cstackCOMMON 0072
___awmod@divisor                cstackCOMMON 0070
___awmod@sign                   cstackCOMMON 0076
___fladd                        text19       15A8
___fladd@a                      cstackBANK0  0056
___fladd@aexp                   cstackBANK0  0063
___fladd@b                      cstackBANK0  0052
___fladd@bexp                   cstackBANK0  0064
___fladd@grs                    cstackBANK0  0065
___fladd@signs                  cstackBANK0  0062
___fldiv                        text27       11CA
___fldiv@a                      cstackBANK0  003E
___fldiv@aexp                   cstackBANK0  0057
___fldiv@b                      cstackBANK0  0042
___fldiv@bexp                   cstackBANK0  0056
___fldiv@grs                    cstackBANK0  0052
___fldiv@new_exp                cstackBANK0  0050
___fldiv@rem                    cstackBANK0  004B
___fldiv@sign                   cstackBANK0  004F
___fleq                         text22       1DAC
___fleq@ff1                     cstackCOMMON 0070
___fleq@ff2                     cstackCOMMON 0074
___flge                         text21       0802
___flge@ff1                     cstackCOMMON 0070
___flge@ff2                     cstackCOMMON 0074
___flmul                        text9        095C
___flmul@a                      cstackBANK0  0028
___flmul@aexp                   cstackBANK0  0036
___flmul@b                      cstackBANK0  0024
___flmul@bexp                   cstackBANK0  0037
___flmul@grs                    cstackBANK0  0032
___flmul@prod                   cstackBANK0  0038
___flmul@sign                   cstackBANK0  0031
___flmul@temp                   cstackBANK0  003C
___flneg                        text20       1B1B
___flneg@f1                     cstackCOMMON 0070
___flsub                        text18       1B92
___flsub@a                      cstackBANK0  0066
___flsub@b                      cstackBANK0  006A
___fltol                        text17       1F88
___fltol@exp1                   cstackBANK0  005A
___fltol@f1                     cstackBANK0  0051
___fltol@sign1                  cstackBANK0  0059
___int_sp                       stack        0000
___latbits                      (abs)        0002
___lldiv                        text16       1EB9
___lldiv@counter                cstackCOMMON 007D
___lldiv@dividend               cstackCOMMON 0074
___lldiv@divisor                cstackCOMMON 0070
___lldiv@quotient               cstackCOMMON 0079
___llmod                        text15       0005
___llmod@counter                cstackCOMMON 0079
___llmod@dividend               cstackCOMMON 0074
___llmod@divisor                cstackCOMMON 0070
___lwdiv                        text8        1D22
___lwdiv@counter                cstackCOMMON 007D
___lwdiv@dividend               cstackCOMMON 0078
___lwdiv@divisor                cstackCOMMON 0076
___lwdiv@quotient               cstackCOMMON 007B
___lwmod                        text7        1C64
___lwmod@counter                cstackCOMMON 0075
___lwmod@dividend               cstackCOMMON 0072
___lwmod@divisor                cstackCOMMON 0070
___sp                           stack        0000
___stackhi                      (abs)        0000
___stacklo                      (abs)        0000
___wmul                         text14       1BB6
___wmul@multiplicand            cstackCOMMON 0072
___wmul@multiplier              cstackCOMMON 0070
___wmul@product                 cstackCOMMON 0074
___xxtofl                       text13       1112
___xxtofl@arg                   cstackCOMMON 007A
___xxtofl@exp                   cstackCOMMON 0079
___xxtofl@sign                  cstackCOMMON 0078
___xxtofl@val                   cstackCOMMON 0070
__div_to_l_                     text12       08A4
__div_to_l_@cntr                cstackBANK0  0024
__div_to_l_@exp1                cstackBANK0  0025
__div_to_l_@f1                  cstackCOMMON 0070
__div_to_l_@f2                  cstackCOMMON 0074
__div_to_l_@quot                cstackBANK0  0020
__end_of_Lcd_Clear_4bits        text32       1B33
__end_of_Lcd_Cmd_4bits          text33       1B70
__end_of_Lcd_Init_4bits         text31       1E57
__end_of_Lcd_Port_4bits         text34       1B92
__end_of_Lcd_Set_Cursor_4bits   text30       1DAC
__end_of_Lcd_Write_Char_4bits   text29       1C64
__end_of_Lcd_Write_String_4bits text28       1CE0
__end_of__Umul8_16              text10       1C02
__end_of___awdiv                text4        1F88
__end_of___awmod                text3        105B
__end_of___fladd                text19       1800
__end_of___fldiv                text27       139D
__end_of___fleq                 text22       1DFA
__end_of___flge                 text21       08A4
__end_of___flmul                text9        0CA1
__end_of___flneg                text20       1B26
__end_of___flsub                text18       1BB6
__end_of___fltol                text17       2000
__end_of___lldiv                text16       1F1F
__end_of___llmod                text15       0059
__end_of___lwdiv                text8        1D66
__end_of___lwmod                text7        1C9E
__end_of___wmul                 text14       1BDB
__end_of___xxtofl               text13       11CA
__end_of__div_to_l_             text12       095C
__end_of__initialization        cinit        07FC
__end_of__npowers_              strings      1878
__end_of__powers_               strings      1844
__end_of__stringtab             strings      1810
__end_of__tdiv_to_l_            text11       1112
__end_of_dpowers                strings      18A0
__end_of_fround                 text6        15A8
__end_of_isdigit                text5        1B56
__end_of_main                   maintext     01BC
__end_of_readADC                text26       1D22
__end_of_scale                  text2        1000
__end_of_setup                  text25       1B44
__end_of_setupADC               text24       1C2F
__end_of_setupINTOSC            text23       1EB9
__end_of_sprintf                text1        07FC
__initialization                cinit        07FC
__npowers_                      strings      1844
__pcstackBANK0                  cstackBANK0  0020
__pcstackBANK1                  cstackBANK1  00A0
__pcstackCOMMON                 cstackCOMMON 0070
__pmaintext                     maintext     0059
__powers_                       strings      1810
__pstrings                      strings      1800
__ptext1                        text1        01BC
__ptext10                       text10       1BDB
__ptext11                       text11       105B
__ptext12                       text12       08A4
__ptext13                       text13       1112
__ptext14                       text14       1BB6
__ptext15                       text15       0005
__ptext16                       text16       1EB9
__ptext17                       text17       1F88
__ptext18                       text18       1B92
__ptext19                       text19       15A8
__ptext2                        text2        0CA1
__ptext20                       text20       1B1B
__ptext21                       text21       0802
__ptext22                       text22       1DAC
__ptext23                       text23       1E57
__ptext24                       text24       1C02
__ptext25                       text25       1B33
__ptext26                       text26       1CE0
__ptext27                       text27       11CA
__ptext28                       text28       1C9E
__ptext29                       text29       1C2F
__ptext3                        text3        1002
__ptext30                       text30       1D66
__ptext31                       text31       1DFA
__ptext32                       text32       1B26
__ptext33                       text33       1B56
__ptext34                       text34       1B70
__ptext4                        text4        1F1F
__ptext5                        text5        1B44
__ptext6                        text6        139D
__ptext7                        text7        1C64
__ptext8                        text8        1D22
__ptext9                        text9        095C
__stringbase                    strings      180F
__stringtab                     strings      1800
__tdiv_to_l_                    text11       105B
__tdiv_to_l_@cntr               cstackBANK0  0024
__tdiv_to_l_@exp1               cstackBANK0  0025
__tdiv_to_l_@f1                 cstackCOMMON 0070
__tdiv_to_l_@f2                 cstackCOMMON 0074
__tdiv_to_l_@quot               cstackBANK0  0020
_dpowers                        strings      1878
_fround                         text6        139D
_fround$1016                    cstackBANK0  004D
_fround$1017                    cstackBANK0  0049
_isdigit                        text5        1B44
_isdigit$838                    cstackCOMMON 0070
_main                           maintext     0059
_readADC                        text26       1CE0
_scale                          text2        0CA1
_scale$1018                     cstackBANK0  004C
_setup                          text25       1B33
_setupADC                       text24       1C02
_setupINTOSC                    text23       1E57
_sprintf                        text1        01BC
_sprintf$1019                   cstackBANK1  00AA
btemp                           (abs)        007E
end_of_initialization           cinit        07FC
fround@prec                     cstackBANK0  0051
intlevel0                       functab      0000
intlevel1                       functab      0000
intlevel2                       functab      0000
intlevel3                       functab      0000
intlevel4                       functab      0000
intlevel5                       functab      0000
isdigit@c                       cstackCOMMON 0071
main@ADC1                       cstackBANK1  00CF
main@ADC2                       cstackBANK1  00D2
main@V1                         cstackBANK1  00C7
main@V2                         cstackBANK1  00CB
readADC@canal                   cstackCOMMON 0072
reset_vec                       reset_vec    0000
scale@scl                       cstackBANK0  0050
setupADC@canal                  cstackCOMMON 0071
setupINTOSC@OsciladorInterno    cstackCOMMON 0070
sprintf@ap                      cstackBANK1  00AE
sprintf@c                       cstackBANK1  00C2
sprintf@eexp                    cstackBANK1  00B5
sprintf@f                       cstackBANK1  00A0
sprintf@flag                    cstackBANK1  00AF
sprintf@fval                    cstackBANK1  00BE
sprintf@prec                    cstackBANK1  00BC
sprintf@sp                      cstackBANK1  00BB
sprintf@tmpval                  cstackBANK1  00B7
sprintf@val                     cstackBANK1  00B1
start                           init         0000
start_initialization            cinit        07FC
wtemp0                          (abs)        007E


MODULE INFORMATION

Module		Function		Class		Link	Load	Size
C:\Program Files\Microchip\xc8\v2.40\pic\sources\c90\common\fltol.c
		___fltol       		CODE           	1F88	0000	120

C:\Program Files\Microchip\xc8\v2.40\pic\sources\c90\common\fltol.c estimated size: 120

C:\Program Files\Microchip\xc8\v2.40\pic\sources\c90\common\awdiv.c
		___awdiv       		CODE           	1F1F	0000	105

C:\Program Files\Microchip\xc8\v2.40\pic\sources\c90\common\awdiv.c estimated size: 105

C:\Program Files\Microchip\xc8\v2.40\pic\sources\c90\common\sprcmul.c
		___flmul       		CODE           	095C	0000	837

C:\Program Files\Microchip\xc8\v2.40\pic\sources\c90\common\sprcmul.c estimated size: 837

C:\Program Files\Microchip\xc8\v2.40\pic\sources\c90\common\__lldiv.c
		___lldiv       		CODE           	1EB9	0000	102

C:\Program Files\Microchip\xc8\v2.40\pic\sources\c90\common\__lldiv.c estimated size: 102

C:\Program Files\Microchip\xc8\v2.40\pic\sources\c90\common\flneg.c
		___flneg       		CODE           	1B1B	0000	11

C:\Program Files\Microchip\xc8\v2.40\pic\sources\c90\common\flneg.c estimated size: 11

C:\Program Files\Microchip\xc8\v2.40\pic\sources\c90\common\sprcdiv.c
		___fldiv       		CODE           	11CA	0000	467

C:\Program Files\Microchip\xc8\v2.40\pic\sources\c90\common\sprcdiv.c estimated size: 467

C:\Program Files\Microchip\xc8\v2.40\pic\sources\c90\common\fleq.c
		___fleq        		CODE           	1DAC	0000	78

C:\Program Files\Microchip\xc8\v2.40\pic\sources\c90\common\fleq.c estimated size: 78

configINTOSC.c
		_setupINTOSC   		CODE           	1E57	0000	98

configINTOSC.c estimated size: 98

C:\Program Files\Microchip\xc8\v2.40\pic\sources\c90\common\Umul8_16.c
		__Umul8_16     		CODE           	1BDB	0000	39

C:\Program Files\Microchip\xc8\v2.40\pic\sources\c90\common\Umul8_16.c estimated size: 39

C:\Program Files\Microchip\xc8\v2.40\pic\sources\c90\common\doprnt.c
		_scale         		CODE           	0CA1	0000	863
		_sprintf       		CODE           	01BC	0000	1600
		_fround        		CODE           	139D	0000	523

C:\Program Files\Microchip\xc8\v2.40\pic\sources\c90\common\doprnt.c estimated size: 2986

configLCD_4bits.c
		_Lcd_Port_4bits		CODE           	1B70	0000	34
		_Lcd_Clear_4bits		CODE           	1B26	0000	13
		_Lcd_Set_Cursor_4bits		CODE           	1D66	0000	70
		_Lcd_Init_4bits		CODE           	1DFA	0000	93
		_Lcd_Cmd_4bits 		CODE           	1B56	0000	26
		_Lcd_Write_Char_4bits		CODE           	1C2F	0000	53
		_Lcd_Write_String_4bits		CODE           	1C9E	0000	66

configLCD_4bits.c estimated size: 355

C:\Program Files\Microchip\xc8\v2.40\pic\sources\c90\common\ftdivl.c
		__tdiv_to_l_   		CODE           	105B	0000	183

C:\Program Files\Microchip\xc8\v2.40\pic\sources\c90\common\ftdivl.c estimated size: 183

C:\Program Files\Microchip\xc8\v2.40\pic\sources\c90\common\Umul16.c
		___wmul        		CODE           	1BB6	0000	37

C:\Program Files\Microchip\xc8\v2.40\pic\sources\c90\common\Umul16.c estimated size: 37

C:\Program Files\Microchip\xc8\v2.40\pic\sources\c90\common\lwmod.c
		___lwmod       		CODE           	1C64	0000	58

C:\Program Files\Microchip\xc8\v2.40\pic\sources\c90\common\lwmod.c estimated size: 58

shared
		__stringtab    		STRING         	1800	0000	16
		__powers_      		STRING         	1810	0000	52
		_dpowers       		STRING         	1878	0000	40
		__npowers_     		STRING         	1844	0000	52
		__initialization		CODE           	07FC	0000	1

shared estimated size: 161

C:\Program Files\Microchip\xc8\v2.40\pic\sources\c90\common\llmod.c
		___llmod       		CODE           	0005	0000	84

C:\Program Files\Microchip\xc8\v2.40\pic\sources\c90\common\llmod.c estimated size: 84

C:\Program Files\Microchip\xc8\v2.40\pic\sources\c90\common\isdigit.c
		_isdigit       		CODE           	1B44	0000	18

C:\Program Files\Microchip\xc8\v2.40\pic\sources\c90\common\isdigit.c estimated size: 18

C:\Program Files\Microchip\xc8\v2.40\pic\sources\c90\common\sprcadd.c
		___flsub       		CODE           	1B92	0000	36
		___fladd       		CODE           	15A8	0000	600

C:\Program Files\Microchip\xc8\v2.40\pic\sources\c90\common\sprcadd.c estimated size: 636

C:\Program Files\Microchip\xc8\v2.40\pic\sources\c90\common\awmod.c
		___awmod       		CODE           	1002	0000	89

C:\Program Files\Microchip\xc8\v2.40\pic\sources\c90\common\awmod.c estimated size: 89

C:\Program Files\Microchip\xc8\v2.40\pic\sources\c90\common\flge.c
		___flge        		CODE           	0802	0000	162

C:\Program Files\Microchip\xc8\v2.40\pic\sources\c90\common\flge.c estimated size: 162

configADC.c
		_readADC       		CODE           	1CE0	0000	66
		_setupADC      		CODE           	1C02	0000	45

configADC.c estimated size: 111

main.c
		_main          		CODE           	0059	0000	355
		_setup         		CODE           	1B33	0000	17

main.c estimated size: 372

C:\Program Files\Microchip\xc8\v2.40\pic\sources\c90\common\fldivl.c
		__div_to_l_    		CODE           	08A4	0000	184

C:\Program Files\Microchip\xc8\v2.40\pic\sources\c90\common\fldivl.c estimated size: 184

C:\Program Files\Microchip\xc8\v2.40\pic\sources\c90\common\lwdiv.c
		___lwdiv       		CODE           	1D22	0000	68

C:\Program Files\Microchip\xc8\v2.40\pic\sources\c90\common\lwdiv.c estimated size: 68

C:\Program Files\Microchip\xc8\v2.40\pic\sources\c90\common\xxtofl.c
		___xxtofl      		CODE           	1112	0000	184

C:\Program Files\Microchip\xc8\v2.40\pic\sources\c90\common\xxtofl.c estimated size: 184

