Microchip MPLAB XC8 Compiler V2.40

Linker command line:

-W-3 \
  --edf=C:\Program Files\Microchip\xc8\v2.40\pic\dat\20220703182018_en.msgs \
  -cn -h+dist/default/production\LCD.X.production.sym \
  --cmf=dist/default/production\LCD.X.production.cmf -z -Q16F887 \
  -oC:\Users\byron\AppData\Local\Temp\xcAs11lg.4 --defsym=__MPLAB_BUILD=1 \
  --fixupoverflow=error -Mdist/default/production/LCD.X.production.map \
  --md=C:\Users\byron\AppData\Local\Temp\xcAs11lg.dat -E1 -ver=XC8 Compiler \
  --acfsm=1493 -ACODE=00h-07FFhx4 -ASTRCODE=00h-01FFFh -ASTRING=00h-0FFhx32 \
  -ACONST=00h-0FFhx32 -AENTRY=00h-0FFhx32 -ACOMMON=070h-07Fh \
  -ABANK0=020h-06Fh -ABANK1=0A0h-0EFh -ABANK2=0110h-016Fh \
  -ABANK3=0190h-01EFh -ARAM=020h-06Fh,0A0h-0EFh,0110h-016Fh,0190h-01EFh \
  -AABS1=020h-07Fh,0A0h-0EFh,0110h-016Fh,0190h-01EFh -ASFR0=00h-01Fh \
  -ASFR1=080h-09Fh -ASFR2=0100h-010Fh -ASFR3=0180h-018Fh \
  -ACONFIG=02007h-02008h -DCONFIG=2 -AIDLOC=02000h-02003h -DIDLOC=2 \
  -AEEDATA=00h-0FFh/02100h -peeprom_data=EEDATA -DEEDATA=2 -DCODE=2 \
  -DSTRCODE=2 -DSTRING=2 -DCONST=2 -DENTRY=2 \
  -preset_vec=00h,intentry,init,end_init -ppowerup=CODE -pcinit=CODE \
  -pfunctab=ENTRY -k C:\Users\byron\AppData\Local\Temp\xcAs11lg.o \
  dist/default/production\LCD.X.production.o 

Object code version is 3.11

Machine type is 16F887



                Name                               Link     Load   Length Selector   Space Scale
C:\Users\byron\AppData\Local\Temp\xcAs11lg.o
                end_init                              0        0        3        0       0
                config                             2007     2007        2        0       4
                idloc                              2000     2000        4        0       5
dist/default/production\LCD.X.production.o
                cinit                               7FC      7FC        4      FF8       0
                config                             2007     2007        2        0       4
                idloc                              2000     2000        4        0       5
                text14                              3FD      3FD       22      7FA       0
                text13                              3E3      3E3       1A      7C6       0
                text12                              3C5      3C5        D      78A       0
                text11                              5C9      5C9       5D      B92       0
                text10                              583      583       46      B06       0
                text9                               44C      44C       35      898       0
                text8                               4BB      4BB       42      976       0
                text7                               4FD      4FD       42      9FA       0
                text6                               3D2      3D2       11      7A4       0
                text5                               41F      41F       2D      83E       0
                text4                               626      626       62      C4C       0
                text3                               53F      53F       44      A7E       0
                text2                               481      481       3A      902       0
                text1                               722      722       DA      E44       0
                maintext                            688      688       9A      D10       0
                cstackBANK0                          20       20       15       20       1
                cstackCOMMON                         70       70        E       70       1
                strings                               3        3       25        6       0

TOTAL           Name                               Link     Load   Length     Space
        CLASS   CODE           
                end_init                              0        0        3         0
                cinit                               7FC      7FC        4         0
                text14                              3FD      3FD       22         0
                text13                              3E3      3E3       1A         0
                text12                              3C5      3C5        D         0
                text11                              5C9      5C9       5D         0
                text10                              583      583       46         0
                text9                               44C      44C       35         0
                text8                               4BB      4BB       42         0
                text7                               4FD      4FD       42         0
                text6                               3D2      3D2       11         0
                text5                               41F      41F       2D         0
                text4                               626      626       62         0
                text3                               53F      53F       44         0
                text2                               481      481       3A         0
                text1                               722      722       DA         0
                maintext                            688      688       9A         0

        CLASS   STRCODE        

        CLASS   STRING         
                strings                               3        3       25         0

        CLASS   CONST          

        CLASS   ENTRY          

        CLASS   COMMON         
                cstackCOMMON                         70       70        E         1

        CLASS   BANK0          
                cstackBANK0                          20       20       15         1

        CLASS   BANK1          

        CLASS   BANK2          

        CLASS   BANK3          

        CLASS   RAM            

        CLASS   ABS1           
                abs_s1                               7E       7E        2         1

        CLASS   SFR0           

        CLASS   SFR1           

        CLASS   SFR2           

        CLASS   SFR3           

        CLASS   CONFIG         
                config                             2007     2007        2         4

        CLASS   IDLOC          
                idloc                              2000     2000        4         5

        CLASS   EEDATA         

        CLASS   STACK          



SEGMENTS        Name                           Load    Length   Top    Selector   Space  Class     Delta

                reset_vec                      000000  000003  000003         0       0  CODE        2
                strings                        000003  000025  000028         6       0  STRING      2
                cstackBANK0                    000020  000015  000035        20       1  BANK0       1
                cstackCOMMON                   000070  00000E  00007E        70       1  COMMON      1
                text12                         0003C5  00000D  0003D2       78A       0  CODE        2
                text6                          0003D2  000011  0003E3       7A4       0  CODE        2
                text13                         0003E3  00001A  0003FD       7C6       0  CODE        2
                text14                         0003FD  000022  00041F       7FA       0  CODE        2
                text5                          00041F  00002D  00044C       83E       0  CODE        2
                text9                          00044C  000035  000481       898       0  CODE        2
                text2                          000481  00003A  0004BB       902       0  CODE        2
                text8                          0004BB  000042  0004FD       976       0  CODE        2
                text7                          0004FD  000042  00053F       9FA       0  CODE        2
                text3                          00053F  000044  000583       A7E       0  CODE        2
                text10                         000583  000046  0005C9       B06       0  CODE        2
                text11                         0005C9  00005D  000626       B92       0  CODE        2
                text4                          000626  000062  000688       C4C       0  CODE        2
                maintext                       000688  00009A  000722       D10       0  CODE        2
                text1                          000722  0000DA  0007FC       E44       0  CODE        2
                cinit                          0007FC  000004  000800       FF8       0  CODE        2


UNUSED ADDRESS RANGES

        Name                Unused          Largest block    Delta
        BANK0            0035-006F             3B           1
        BANK1            00A0-00EF             50           1
        BANK2            0110-016F             60           1
        BANK3            0190-01EF             60           1
        CODE             0028-03C4            39D           2
                         0800-1FFF            800
        CONST            0028-03C4            100           2
                         0800-1FFF            100
        EEDATA           2100-21FF            100           2
        ENTRY            0028-03C4            100           2
                         0800-1FFF            100
        RAM              0035-006F             3B           1
                         00A0-00EF             50
                         0110-016F             60
                         0190-01EF             60
        SFR0             0000-001F             20           1
        SFR1             0080-009F             20           1
        SFR2             0100-010F             10           1
        SFR3             0180-018F             10           1
        STRCODE          0028-03C4            39D           2
                         0800-1FFF           1800
        STRING           0028-03C4            100           2
                         0800-1FFF            100

                                  Symbol Table

?___lwdiv                    cstackCOMMON 0070
?___lwmod                    cstackCOMMON 0078
?_sprintf                    cstackBANK0  0020
Lcd_Cmd@a                    cstackCOMMON 0073
Lcd_Port@a                   cstackCOMMON 0070
Lcd_Set_Cursor@a             cstackCOMMON 0076
Lcd_Set_Cursor@b             cstackCOMMON 0074
Lcd_Set_Cursor@temp          cstackCOMMON 0079
Lcd_Set_Cursor@y             cstackCOMMON 0078
Lcd_Set_Cursor@z             cstackCOMMON 0077
Lcd_Write_Char@a             cstackCOMMON 0074
Lcd_Write_Char@temp          cstackCOMMON 0072
Lcd_Write_Char@y             cstackCOMMON 0073
Lcd_Write_String@a           cstackCOMMON 0075
Lcd_Write_String@i           cstackCOMMON 007A
_ADCON0bits                  (abs)        001F
_ADCON1bits                  (abs)        009F
_ADIF                        (abs)        0066
_ADRESH                      (abs)        001E
_ANSEL                       (abs)        0188
_ANSELH                      (abs)        0189
_ANSELbits                   (abs)        0188
_Lcd_Clear                   text12       03C5
_Lcd_Cmd                     text13       03E3
_Lcd_Init                    text11       05C9
_Lcd_Port                    text14       03FD
_Lcd_Set_Cursor              text10       0583
_Lcd_Write_Char              text9        044C
_Lcd_Write_String            text8        04BB
_OSCCONbits                  (abs)        008F
_PORTB                       (abs)        0006
_PORTC                       (abs)        0007
_PORTD                       (abs)        0008
_PORTDbits                   (abs)        0008
_PORTE                       (abs)        0009
_TRISAbits                   (abs)        0085
_TRISB                       (abs)        0086
_TRISC                       (abs)        0087
_TRISD                       (abs)        0088
_TRISE                       (abs)        0089
__Habs1                      abs1         0000
__Hbank0                     bank0        0000
__Hbank1                     bank1        0000
__Hbank2                     bank2        0000
__Hbank3                     bank3        0000
__Hcinit                     cinit        0800
__Hclrtext                   clrtext      0000
__Hcode                      code         0000
__Hcommon                    common       0000
__Hconfig                    config       2009
__HcstackBANK0               cstackBANK0  0000
__HcstackCOMMON              cstackCOMMON 0000
__Heeprom_data               eeprom_data  0000
__Hend_init                  end_init     0003
__Hfunctab                   functab      0000
__Hidloc                     idloc        2004
__Hinit                      init         0000
__Hintentry                  intentry     0000
__Hmaintext                  maintext     0000
__Hpowerup                   powerup      0000
__Hram                       ram          0000
__Hreset_vec                 reset_vec    0000
__Hsfr0                      sfr0         0000
__Hsfr1                      sfr1         0000
__Hsfr2                      sfr2         0000
__Hsfr3                      sfr3         0000
__Hspace_0                   (abs)        0800
__Hspace_1                   (abs)        007E
__Hspace_2                   (abs)        0000
__Hspace_3                   (abs)        0000
__Hspace_4                   (abs)        4010
__Hstack                     stack        0000
__Hstrings                   strings      0000
__Htext                      text         0000
__Labs1                      abs1         0000
__Lbank0                     bank0        0000
__Lbank1                     bank1        0000
__Lbank2                     bank2        0000
__Lbank3                     bank3        0000
__Lcinit                     cinit        07FC
__Lclrtext                   clrtext      0000
__Lcode                      code         0000
__Lcommon                    common       0000
__Lconfig                    config       0000
__LcstackBANK0               cstackBANK0  0000
__LcstackCOMMON              cstackCOMMON 0000
__Leeprom_data               eeprom_data  0000
__Lend_init                  end_init     0000
__Lfunctab                   functab      0000
__Lidloc                     idloc        0000
__Linit                      init         0000
__Lintentry                  intentry     0000
__Lmaintext                  maintext     0000
__Lpowerup                   powerup      0000
__Lram                       ram          0000
__Lreset_vec                 reset_vec    0000
__Lsfr0                      sfr0         0000
__Lsfr1                      sfr1         0000
__Lsfr2                      sfr2         0000
__Lsfr3                      sfr3         0000
__Lspace_0                   (abs)        0000
__Lspace_1                   (abs)        0000
__Lspace_2                   (abs)        0000
__Lspace_3                   (abs)        0000
__Lspace_4                   (abs)        0000
__Lstack                     stack        0000
__Lstrings                   strings      0000
__Ltext                      text         0000
__S0                         (abs)        0800
__S1                         (abs)        007E
__S3                         (abs)        0000
___int_sp                    stack        0000
___latbits                   (abs)        0002
___lwdiv                     text3        053F
___lwdiv@counter             cstackCOMMON 0077
___lwdiv@dividend            cstackCOMMON 0072
___lwdiv@divisor             cstackCOMMON 0070
___lwdiv@quotient            cstackCOMMON 0075
___lwmod                     text2        0481
___lwmod@counter             cstackCOMMON 007D
___lwmod@dividend            cstackCOMMON 007A
___lwmod@divisor             cstackCOMMON 0078
___sp                        stack        0000
___stackhi                   (abs)        0000
___stacklo                   (abs)        0000
__end_of_Lcd_Clear           text12       03D2
__end_of_Lcd_Cmd             text13       03FD
__end_of_Lcd_Init            text11       0626
__end_of_Lcd_Port            text14       041F
__end_of_Lcd_Set_Cursor      text10       05C9
__end_of_Lcd_Write_Char      text9        0481
__end_of_Lcd_Write_String    text8        04FD
__end_of___lwdiv             text3        0583
__end_of___lwmod             text2        04BB
__end_of__initialization     cinit        07FC
__end_of__stringtab          strings      0013
__end_of_dpowers             strings      001D
__end_of_main                maintext     0722
__end_of_readADC             text7        053F
__end_of_setup               text6        03E3
__end_of_setupADC            text5        044C
__end_of_setupINTOSC         text4        0688
__end_of_sprintf             text1        07FC
__initialization             cinit        07FC
__pcstackBANK0               cstackBANK0  0020
__pcstackCOMMON              cstackCOMMON 0070
__pmaintext                  maintext     0688
__pstrings                   strings      0003
__ptext1                     text1        0722
__ptext10                    text10       0583
__ptext11                    text11       05C9
__ptext12                    text12       03C5
__ptext13                    text13       03E3
__ptext14                    text14       03FD
__ptext2                     text2        0481
__ptext3                     text3        053F
__ptext4                     text4        0626
__ptext5                     text5        041F
__ptext6                     text6        03D2
__ptext7                     text7        04FD
__ptext8                     text8        04BB
__ptext9                     text9        044C
__stringbase                 strings      0012
__stringtab                  strings      0003
_dpowers                     strings      0013
_main                        maintext     0688
_readADC                     text7        04FD
_setup                       text6        03D2
_setupADC                    text5        041F
_setupINTOSC                 text4        0626
_sprintf                     text1        0722
btemp                        (abs)        007E
end_of_initialization        cinit        07FC
intlevel0                    functab      0000
intlevel1                    functab      0000
intlevel2                    functab      0000
intlevel3                    functab      0000
intlevel4                    functab      0000
intlevel5                    functab      0000
main@ADC1                    cstackBANK0  002F
main@ADC2                    cstackBANK0  0032
readADC@canal                cstackCOMMON 0072
reset_vec                    reset_vec    0000
setupADC@canal               cstackCOMMON 0071
setupINTOSC@OsciladorInterno cstackCOMMON 0070
sprintf@ap                   cstackBANK0  0026
sprintf@c                    cstackBANK0  002C
sprintf@f                    cstackBANK0  0020
sprintf@flag                 cstackBANK0  0027
sprintf@prec                 cstackBANK0  0028
sprintf@sp                   cstackBANK0  002B
sprintf@val                  cstackBANK0  0029
start                        init         0000
start_initialization         cinit        07FC
wtemp0                       (abs)        007E


MODULE INFORMATION

Module		Function		Class		Link	Load	Size
configINTOSC.c
		_setupINTOSC   		CODE           	0626	0000	98

configINTOSC.c estimated size: 98

C:\Program Files\Microchip\xc8\v2.40\pic\sources\c90\common\doprnt.c
		_sprintf       		CODE           	0722	0000	218

C:\Program Files\Microchip\xc8\v2.40\pic\sources\c90\common\doprnt.c estimated size: 218

configLCD_4bits.c
		_Lcd_Write_String		CODE           	04BB	0000	66
		_Lcd_Init      		CODE           	05C9	0000	93
		_Lcd_Write_Char		CODE           	044C	0000	53
		_Lcd_Cmd       		CODE           	03E3	0000	26
		_Lcd_Set_Cursor		CODE           	0583	0000	70
		_Lcd_Clear     		CODE           	03C5	0000	13
		_Lcd_Port      		CODE           	03FD	0000	34

configLCD_4bits.c estimated size: 355

C:\Program Files\Microchip\xc8\v2.40\pic\sources\c90\common\lwmod.c
		___lwmod       		CODE           	0481	0000	58

C:\Program Files\Microchip\xc8\v2.40\pic\sources\c90\common\lwmod.c estimated size: 58

shared
		__stringtab    		STRING         	0003	0000	16
		_dpowers       		STRING         	0013	0000	10
		__initialization		CODE           	07FC	0000	1

shared estimated size: 27

configADC.c
		_readADC       		CODE           	04FD	0000	66
		_setupADC      		CODE           	041F	0000	45

configADC.c estimated size: 111

main.c
		_main          		CODE           	0688	0000	154
		_setup         		CODE           	03D2	0000	17

main.c estimated size: 171

C:\Program Files\Microchip\xc8\v2.40\pic\sources\c90\common\lwdiv.c
		___lwdiv       		CODE           	053F	0000	68

C:\Program Files\Microchip\xc8\v2.40\pic\sources\c90\common\lwdiv.c estimated size: 68

