Microchip MPLAB XC8 Compiler V2.40

Linker command line:

-W-3 \
  --edf=C:\Program Files\Microchip\xc8\v2.40\pic\dat\20220703182018_en.msgs \
  -cn -h+dist/default/production\LCD.X.production.sym \
  --cmf=dist/default/production\LCD.X.production.cmf -z -Q16F887 \
  -oC:\Users\byron\AppData\Local\Temp\xcAs10hs.4 --defsym=__MPLAB_BUILD=1 \
  --fixupoverflow=error -Mdist/default/production/LCD.X.production.map \
  --md=C:\Users\byron\AppData\Local\Temp\xcAs10hs.dat -E1 -ver=XC8 Compiler \
  --acfsm=1493 -ACODE=00h-07FFhx4 -ASTRCODE=00h-01FFFh -ASTRING=00h-0FFhx32 \
  -ACONST=00h-0FFhx32 -AENTRY=00h-0FFhx32 -ACOMMON=070h-07Fh \
  -ABANK0=020h-06Fh -ABANK1=0A0h-0EFh -ABANK2=0110h-016Fh \
  -ABANK3=0190h-01EFh -ARAM=020h-06Fh,0A0h-0EFh,0110h-016Fh,0190h-01EFh \
  -AABS1=020h-07Fh,0A0h-0EFh,0110h-016Fh,0190h-01EFh -ASFR0=00h-01Fh \
  -ASFR1=080h-09Fh -ASFR2=0100h-010Fh -ASFR3=0180h-018Fh \
  -ACONFIG=02007h-02008h -DCONFIG=2 -AIDLOC=02000h-02003h -DIDLOC=2 \
  -AEEDATA=00h-0FFh/02100h -peeprom_data=EEDATA -DEEDATA=2 -DCODE=2 \
  -DSTRCODE=2 -DSTRING=2 -DCONST=2 -DENTRY=2 \
  -preset_vec=00h,intentry,init,end_init -ppowerup=CODE -pcinit=CODE \
  -pfunctab=ENTRY -k C:\Users\byron\AppData\Local\Temp\xcAs10hs.o \
  dist/default/production\LCD.X.production.o 

Object code version is 3.11

Machine type is 16F887



                Name                               Link     Load   Length Selector   Space Scale
C:\Users\byron\AppData\Local\Temp\xcAs10hs.o
                end_init                              0        0        3        0       0
                config                             2007     2007        2        0       4
                idloc                              2000     2000        4        0       5
dist/default/production\LCD.X.production.o
                cinit                               7FC      7FC        4      FF8       0
                config                             2007     2007        2        0       4
                idloc                              2000     2000        4        0       5
                text37                             1A45     1A45       3E     348A       0
                text36                             1934     1934       1A     3268       0
                text35                             18DF     18DF        7     31BE       0
                text34                             1CAC     1CAC       64     3958       0
                text33                             194E     194E       20     329C       0
                text32                             191E     191E       16     323C       0
                text31                             1A83     1A83       42     3506       0
                text30                             1E2D     1E2D      1D3     3C5A       0
                text29                             18E6     18E6        9     31CC       0
                text28                             1002     1002        A     2004       0
                text27                             1AC5     1AC5       42     358A       0
                text26                             18EF     18EF        9     31DE       0
                text25                             190A     190A       14     3214       0
                text24                             19DE     19DE       2D     33BC       0
                text23                             1C4A     1C4A       62     3894       0
                text22                             1B4B     1B4B       4E     3696       0
                text21                              802      802       A2     1004       0
                text20                                5        5        B        A       0
                text19                             1347     1347      258     268E       0
                text18                             196E     196E       24     32DC       0
                text17                             100C     100C       78     2018       0
                text16                             1D10     1D10       66     3A20       0
                text15                             1B99     1B99       56     3732       0
                text14                             1992     1992       25     3324       0
                text13                             1084     1084       B8     2108       0
                text12                              8A4      8A4       B8     1148       0
                text11                             1D76     1D76       B7     3AEC       0
                text10                             19B7     19B7       27     336E       0
                text9                               95C      95C      345     12B8       0
                text8                              1B07     1B07       44     360E       0
                text7                              1A0B     1A0B       3A     3416       0
                text6                              113C     113C      20B     2278       0
                text5                              18F8     18F8       12     31F0       0
                text4                                10       10       67       20       0
                text3                              1BEF     1BEF       5B     37DE       0
                text2                               CA1      CA1      35F     1942       0
                text1                                77       77      785       EE       0
                maintext                           159F     159F      261     2B3E       0
                cstackBANK0                          20       20       50       20       1
                cstackCOMMON                         70       70        E       70       1
                cstackBANK1                          A0       A0       3D       A0       1
                strings                            1800     1800       B5     3000       0

TOTAL           Name                               Link     Load   Length     Space
        CLASS   CODE           
                end_init                              0        0        3         0
                cinit                               7FC      7FC        4         0
                text37                             1A45     1A45       3E         0
                text36                             1934     1934       1A         0
                text35                             18DF     18DF        7         0
                text34                             1CAC     1CAC       64         0
                text33                             194E     194E       20         0
                text32                             191E     191E       16         0
                text31                             1A83     1A83       42         0
                text30                             1E2D     1E2D      1D3         0
                text29                             18E6     18E6        9         0
                text28                             1002     1002        A         0
                text27                             1AC5     1AC5       42         0
                text26                             18EF     18EF        9         0
                text25                             190A     190A       14         0
                text24                             19DE     19DE       2D         0
                text23                             1C4A     1C4A       62         0
                text22                             1B4B     1B4B       4E         0
                text21                              802      802       A2         0
                text20                                5        5        B         0
                text19                             1347     1347      258         0
                text18                             196E     196E       24         0
                text17                             100C     100C       78         0
                text16                             1D10     1D10       66         0
                text15                             1B99     1B99       56         0
                text14                             1992     1992       25         0
                text13                             1084     1084       B8         0
                text12                              8A4      8A4       B8         0
                text11                             1D76     1D76       B7         0
                text10                             19B7     19B7       27         0
                text9                               95C      95C      345         0
                text8                              1B07     1B07       44         0
                text7                              1A0B     1A0B       3A         0
                text6                              113C     113C      20B         0
                text5                              18F8     18F8       12         0
                text4                                10       10       67         0
                text3                              1BEF     1BEF       5B         0
                text2                               CA1      CA1      35F         0
                text1                                77       77      785         0
                maintext                           159F     159F      261         0

        CLASS   STRCODE        

        CLASS   STRING         
                strings                            1800     1800       B5         0

        CLASS   CONST          

        CLASS   ENTRY          

        CLASS   COMMON         
                cstackCOMMON                         70       70        E         1

        CLASS   BANK0          
                cstackBANK0                          20       20       50         1

        CLASS   BANK1          
                cstackBANK1                          A0       A0       3D         1

        CLASS   BANK2          

        CLASS   BANK3          

        CLASS   RAM            

        CLASS   ABS1           
                abs_s1                               7E       7E        2         1

        CLASS   SFR0           

        CLASS   SFR1           

        CLASS   SFR2           

        CLASS   SFR3           

        CLASS   CONFIG         
                config                             2007     2007        2         4

        CLASS   IDLOC          
                idloc                              2000     2000        4         5

        CLASS   EEDATA         

        CLASS   STACK          



SEGMENTS        Name                           Load    Length   Top    Selector   Space  Class     Delta

                reset_vec                      000000  000003  000003         0       0  CODE        2
                text20                         000005  00000B  000010         A       0  CODE        2
                cstackBANK0                    000020  000050  000070        20       1  BANK0       1
                text4                          000010  000067  000077        20       0  CODE        2
                cstackCOMMON                   000070  00000E  00007E        70       1  COMMON      1
                cstackBANK1                    0000A0  00003D  0000DD        A0       1  BANK1       1
                text1                          000077  000785  0007FC        EE       0  CODE        2
                cinit                          0007FC  000004  000800       FF8       0  CODE        2
                text21                         000802  0000A2  0008A4      1004       0  CODE        2
                text12                         0008A4  0000B8  00095C      1148       0  CODE        2
                text9                          00095C  000345  000CA1      12B8       0  CODE        2
                text2                          000CA1  00035F  001000      1942       0  CODE        2
                text28                         001002  00000A  00100C      2004       0  CODE        2
                text17                         00100C  000078  001084      2018       0  CODE        2
                text13                         001084  0000B8  00113C      2108       0  CODE        2
                text6                          00113C  00020B  001347      2278       0  CODE        2
                text19                         001347  000258  00159F      268E       0  CODE        2
                maintext                       00159F  000261  001800      2B3E       0  CODE        2
                strings                        001800  0000B5  0018B5      3000       0  STRING      2
                text35                         0018DF  000007  0018E6      31BE       0  CODE        2
                text29                         0018E6  000009  0018EF      31CC       0  CODE        2
                text26                         0018EF  000009  0018F8      31DE       0  CODE        2
                text5                          0018F8  000012  00190A      31F0       0  CODE        2
                text25                         00190A  000014  00191E      3214       0  CODE        2
                text32                         00191E  000016  001934      323C       0  CODE        2
                text36                         001934  00001A  00194E      3268       0  CODE        2
                text33                         00194E  000020  00196E      329C       0  CODE        2
                text18                         00196E  000024  001992      32DC       0  CODE        2
                text14                         001992  000025  0019B7      3324       0  CODE        2
                text10                         0019B7  000027  0019DE      336E       0  CODE        2
                text24                         0019DE  00002D  001A0B      33BC       0  CODE        2
                text7                          001A0B  00003A  001A45      3416       0  CODE        2
                text37                         001A45  00003E  001A83      348A       0  CODE        2
                text31                         001A83  000042  001AC5      3506       0  CODE        2
                text27                         001AC5  000042  001B07      358A       0  CODE        2
                text8                          001B07  000044  001B4B      360E       0  CODE        2
                text22                         001B4B  00004E  001B99      3696       0  CODE        2
                text15                         001B99  000056  001BEF      3732       0  CODE        2
                text3                          001BEF  00005B  001C4A      37DE       0  CODE        2
                text23                         001C4A  000062  001CAC      3894       0  CODE        2
                text34                         001CAC  000064  001D10      3958       0  CODE        2
                text16                         001D10  000066  001D76      3A20       0  CODE        2
                text11                         001D76  0000B7  001E2D      3AEC       0  CODE        2
                text30                         001E2D  0001D3  002000      3C5A       0  CODE        2


UNUSED ADDRESS RANGES

        Name                Unused          Largest block    Delta
        BANK1            00DD-00EF             13           1
        BANK2            0110-016F             60           1
        BANK3            0190-01EF             60           1
        CODE             0003-0004              2           2
                         0800-0801              2
                         1000-1001              2
                         18B5-18DE             2A
        CONST            0003-0004              2           2
                         0800-0801              2
                         1000-1001              2
                         18B5-18DE             2A
        EEDATA           2100-21FF            100           2
        ENTRY            0003-0004              2           2
                         0800-0801              2
                         1000-1001              2
                         18B5-18DE             2A
        RAM              00DD-00EF             13           1
                         0110-016F             60
                         0190-01EF             60
        SFR0             0000-001F             20           1
        SFR1             0080-009F             20           1
        SFR2             0100-010F             10           1
        SFR3             0180-018F             10           1
        STRCODE          0003-0004              2           2
                         0800-0801              2
                         1000-1001              2
                         18B5-18DE             2A
        STRING           0003-0004              2           2
                         0800-0801              2
                         1000-1001              2
                         18B5-18DE             2A

                                  Symbol Table

?__Umul8_16                     cstackCOMMON 0070
?___awdiv                       cstackCOMMON 0070
?___awmod                       cstackCOMMON 0079
?___fladd                       cstackBANK0  0050
?___fldiv                       cstackBANK0  003C
?___flmul                       cstackBANK0  0022
?___flneg                       cstackCOMMON 0070
?___flsub                       cstackBANK0  0064
?___fltol                       cstackBANK0  004F
?___lldiv                       cstackCOMMON 0070
?___llmod                       cstackBANK0  0020
?___lwdiv                       cstackCOMMON 0076
?___lwmod                       cstackCOMMON 0070
?___wmul                        cstackCOMMON 0070
?___xxtofl                      cstackCOMMON 0070
?__div_to_l_                    cstackCOMMON 0070
?__tdiv_to_l_                   cstackCOMMON 0070
?_fround                        cstackBANK0  003C
?_scale                         cstackBANK0  003C
?_sprintf                       cstackBANK1  00A0
Lcd_Cmd_8bits@a                 cstackCOMMON 0073
Lcd_Port_8bits@a                cstackCOMMON 0070
Lcd_Set_Cursor_8bits@a          cstackCOMMON 0075
Lcd_Set_Cursor_8bits@b          cstackCOMMON 0074
Lcd_Set_Cursor_8bits@temp       cstackCOMMON 0076
Lcd_Write_Char_8bits@a          cstackCOMMON 0072
Lcd_Write_String_8bits@a        cstackCOMMON 0073
Lcd_Write_String_8bits@i        cstackCOMMON 0078
_ADCON0bits                     (abs)        001F
_ADCON1bits                     (abs)        009F
_ADIF                           (abs)        0066
_ADRESH                         (abs)        001E
_ANSEL                          (abs)        0188
_ANSELH                         (abs)        0189
_ANSELbits                      (abs)        0188
_INTCONbits                     (abs)        000B
_Lcd_Clear_8bits                text35       18DF
_Lcd_Cmd_8bits                  text36       1934
_Lcd_Init_8bits                 text34       1CAC
_Lcd_Port_8bits                 text37       1A45
_Lcd_Set_Cursor_8bits           text33       194E
_Lcd_Write_Char_8bits           text32       191E
_Lcd_Write_String_8bits         text31       1A83
_OSCCONbits                     (abs)        008F
_PIE1bits                       (abs)        008C
_PIR1bits                       (abs)        000C
_PORTB                          (abs)        0006
_PORTD                          (abs)        0008
_PORTDbits                      (abs)        0008
_PORTE                          (abs)        0009
_PORTEbits                      (abs)        0009
_RCREG                          (abs)        001A
_RCSTAbits                      (abs)        0018
_SPBRG                          (abs)        0099
_TRISAbits                      (abs)        0085
_TRISB                          (abs)        0086
_TRISD                          (abs)        0088
_TRISE                          (abs)        0089
_TXREG                          (abs)        0019
_TXSTAbits                      (abs)        0098
__Habs1                         abs1         0000
__Hbank0                        bank0        0000
__Hbank1                        bank1        0000
__Hbank2                        bank2        0000
__Hbank3                        bank3        0000
__Hcinit                        cinit        0800
__Hclrtext                      clrtext      0000
__Hcode                         code         0000
__Hcommon                       common       0000
__Hconfig                       config       2009
__HcstackBANK0                  cstackBANK0  0000
__HcstackBANK1                  cstackBANK1  0000
__HcstackCOMMON                 cstackCOMMON 0000
__Heeprom_data                  eeprom_data  0000
__Hend_init                     end_init     0003
__Hfunctab                      functab      0000
__Hidloc                        idloc        2004
__Hinit                         init         0000
__Hintentry                     intentry     0000
__Hmaintext                     maintext     0000
__Hpowerup                      powerup      0000
__Hram                          ram          0000
__Hreset_vec                    reset_vec    0000
__Hsfr0                         sfr0         0000
__Hsfr1                         sfr1         0000
__Hsfr2                         sfr2         0000
__Hsfr3                         sfr3         0000
__Hspace_0                      (abs)        2000
__Hspace_1                      (abs)        00DD
__Hspace_2                      (abs)        0000
__Hspace_3                      (abs)        0000
__Hspace_4                      (abs)        4010
__Hstack                        stack        0000
__Hstrings                      strings      0000
__Htext                         text         0000
__Labs1                         abs1         0000
__Lbank0                        bank0        0000
__Lbank1                        bank1        0000
__Lbank2                        bank2        0000
__Lbank3                        bank3        0000
__Lcinit                        cinit        07FC
__Lclrtext                      clrtext      0000
__Lcode                         code         0000
__Lcommon                       common       0000
__Lconfig                       config       0000
__LcstackBANK0                  cstackBANK0  0000
__LcstackBANK1                  cstackBANK1  0000
__LcstackCOMMON                 cstackCOMMON 0000
__Leeprom_data                  eeprom_data  0000
__Lend_init                     end_init     0000
__Lfunctab                      functab      0000
__Lidloc                        idloc        0000
__Linit                         init         0000
__Lintentry                     intentry     0000
__Lmaintext                     maintext     0000
__Lpowerup                      powerup      0000
__Lram                          ram          0000
__Lreset_vec                    reset_vec    0000
__Lsfr0                         sfr0         0000
__Lsfr1                         sfr1         0000
__Lsfr2                         sfr2         0000
__Lsfr3                         sfr3         0000
__Lspace_0                      (abs)        0000
__Lspace_1                      (abs)        0000
__Lspace_2                      (abs)        0000
__Lspace_3                      (abs)        0000
__Lspace_4                      (abs)        0000
__Lstack                        stack        0000
__Lstrings                      strings      0000
__Ltext                         text         0000
__S0                            (abs)        2000
__S1                            (abs)        00DD
__S3                            (abs)        0000
__Umul8_16                      text10       19B7
__Umul8_16@multiplicand         cstackCOMMON 0070
__Umul8_16@multiplier           cstackCOMMON 0078
__Umul8_16@product              cstackCOMMON 0074
__Umul8_16@word_mpld            cstackCOMMON 0076
___awdiv                        text4        0010
___awdiv@counter                cstackCOMMON 0075
___awdiv@dividend               cstackCOMMON 0072
___awdiv@divisor                cstackCOMMON 0070
___awdiv@quotient               cstackCOMMON 0077
___awdiv@sign                   cstackCOMMON 0076
___awmod                        text3        1BEF
___awmod@counter                cstackBANK0  0020
___awmod@dividend               cstackCOMMON 007B
___awmod@divisor                cstackCOMMON 0079
___awmod@sign                   cstackBANK0  0021
___fladd                        text19       1347
___fladd@a                      cstackBANK0  0054
___fladd@aexp                   cstackBANK0  0061
___fladd@b                      cstackBANK0  0050
___fladd@bexp                   cstackBANK0  0062
___fladd@grs                    cstackBANK0  0063
___fladd@signs                  cstackBANK0  0060
___fldiv                        text30       1E2D
___fldiv@a                      cstackBANK0  003C
___fldiv@aexp                   cstackBANK0  0055
___fldiv@b                      cstackBANK0  0040
___fldiv@bexp                   cstackBANK0  0054
___fldiv@grs                    cstackBANK0  0050
___fldiv@new_exp                cstackBANK0  004E
___fldiv@rem                    cstackBANK0  0049
___fldiv@sign                   cstackBANK0  004D
___fleq                         text22       1B4B
___fleq@ff1                     cstackCOMMON 0070
___fleq@ff2                     cstackCOMMON 0074
___flge                         text21       0802
___flge@ff1                     cstackCOMMON 0070
___flge@ff2                     cstackCOMMON 0074
___flmul                        text9        095C
___flmul@a                      cstackBANK0  0026
___flmul@aexp                   cstackBANK0  0034
___flmul@b                      cstackBANK0  0022
___flmul@bexp                   cstackBANK0  0035
___flmul@grs                    cstackBANK0  0030
___flmul@prod                   cstackBANK0  0036
___flmul@sign                   cstackBANK0  002F
___flmul@temp                   cstackBANK0  003A
___flneg                        text20       0005
___flneg@f1                     cstackCOMMON 0070
___flsub                        text18       196E
___flsub@a                      cstackBANK0  0064
___flsub@b                      cstackBANK0  0068
___fltol                        text17       100C
___fltol@exp1                   cstackBANK0  0058
___fltol@f1                     cstackBANK0  004F
___fltol@sign1                  cstackBANK0  0057
___int_sp                       stack        0000
___latbits                      (abs)        0002
___lldiv                        text16       1D10
___lldiv@counter                cstackCOMMON 007D
___lldiv@dividend               cstackCOMMON 0074
___lldiv@divisor                cstackCOMMON 0070
___lldiv@quotient               cstackCOMMON 0079
___llmod                        text15       1B99
___llmod@counter                cstackBANK0  0029
___llmod@dividend               cstackBANK0  0024
___llmod@divisor                cstackBANK0  0020
___lwdiv                        text8        1B07
___lwdiv@counter                cstackCOMMON 007D
___lwdiv@dividend               cstackCOMMON 0078
___lwdiv@divisor                cstackCOMMON 0076
___lwdiv@quotient               cstackCOMMON 007B
___lwmod                        text7        1A0B
___lwmod@counter                cstackCOMMON 0075
___lwmod@dividend               cstackCOMMON 0072
___lwmod@divisor                cstackCOMMON 0070
___sp                           stack        0000
___stackhi                      (abs)        0000
___stacklo                      (abs)        0000
___wmul                         text14       1992
___wmul@multiplicand            cstackCOMMON 0072
___wmul@multiplier              cstackCOMMON 0070
___wmul@product                 cstackCOMMON 0074
___xxtofl                       text13       1084
___xxtofl@arg                   cstackCOMMON 007A
___xxtofl@exp                   cstackCOMMON 0079
___xxtofl@sign                  cstackCOMMON 0078
___xxtofl@val                   cstackCOMMON 0070
__div_to_l_                     text12       08A4
__div_to_l_@cntr                cstackBANK0  0024
__div_to_l_@exp1                cstackBANK0  0025
__div_to_l_@f1                  cstackCOMMON 0070
__div_to_l_@f2                  cstackCOMMON 0074
__div_to_l_@quot                cstackBANK0  0020
__end_of_Lcd_Clear_8bits        text35       18E6
__end_of_Lcd_Cmd_8bits          text36       194E
__end_of_Lcd_Init_8bits         text34       1D10
__end_of_Lcd_Port_8bits         text37       1A83
__end_of_Lcd_Set_Cursor_8bits   text33       196E
__end_of_Lcd_Write_Char_8bits   text32       1934
__end_of_Lcd_Write_String_8bits text31       1AC5
__end_of__Umul8_16              text10       19DE
__end_of___awdiv                text4        0077
__end_of___awmod                text3        1C4A
__end_of___fladd                text19       159F
__end_of___fldiv                text30       2000
__end_of___fleq                 text22       1B99
__end_of___flge                 text21       08A4
__end_of___flmul                text9        0CA1
__end_of___flneg                text20       0010
__end_of___flsub                text18       1992
__end_of___fltol                text17       1084
__end_of___lldiv                text16       1D76
__end_of___llmod                text15       1BEF
__end_of___lwdiv                text8        1B4B
__end_of___lwmod                text7        1A45
__end_of___wmul                 text14       19B7
__end_of___xxtofl               text13       113C
__end_of__div_to_l_             text12       095C
__end_of__initialization        cinit        07FC
__end_of__npowers_              strings      1878
__end_of__powers_               strings      1844
__end_of__stringtab             strings      1810
__end_of__tdiv_to_l_            text11       1E2D
__end_of_configUART_RX          text29       18EF
__end_of_configUART_TX          text28       100C
__end_of_dpowers                strings      18A0
__end_of_fround                 text6        1347
__end_of_isdigit                text5        190A
__end_of_main                   maintext     1800
__end_of_readADC                text27       1B07
__end_of_read_char_UART         text26       18F8
__end_of_scale                  text2        1000
__end_of_setup                  text25       191E
__end_of_setupADC               text24       1A0B
__end_of_setupINTOSC            text23       1CAC
__end_of_sprintf                text1        07FC
__initialization                cinit        07FC
__npowers_                      strings      1844
__pcstackBANK0                  cstackBANK0  0020
__pcstackBANK1                  cstackBANK1  00A0
__pcstackCOMMON                 cstackCOMMON 0070
__pmaintext                     maintext     159F
__powers_                       strings      1810
__pstrings                      strings      1800
__ptext1                        text1        0077
__ptext10                       text10       19B7
__ptext11                       text11       1D76
__ptext12                       text12       08A4
__ptext13                       text13       1084
__ptext14                       text14       1992
__ptext15                       text15       1B99
__ptext16                       text16       1D10
__ptext17                       text17       100C
__ptext18                       text18       196E
__ptext19                       text19       1347
__ptext2                        text2        0CA1
__ptext20                       text20       0005
__ptext21                       text21       0802
__ptext22                       text22       1B4B
__ptext23                       text23       1C4A
__ptext24                       text24       19DE
__ptext25                       text25       190A
__ptext26                       text26       18EF
__ptext27                       text27       1AC5
__ptext28                       text28       1002
__ptext29                       text29       18E6
__ptext3                        text3        1BEF
__ptext30                       text30       1E2D
__ptext31                       text31       1A83
__ptext32                       text32       191E
__ptext33                       text33       194E
__ptext34                       text34       1CAC
__ptext35                       text35       18DF
__ptext36                       text36       1934
__ptext37                       text37       1A45
__ptext4                        text4        0010
__ptext5                        text5        18F8
__ptext6                        text6        113C
__ptext7                        text7        1A0B
__ptext8                        text8        1B07
__ptext9                        text9        095C
__stringbase                    strings      180F
__stringtab                     strings      1800
__tdiv_to_l_                    text11       1D76
__tdiv_to_l_@cntr               cstackBANK0  0024
__tdiv_to_l_@exp1               cstackBANK0  0025
__tdiv_to_l_@f1                 cstackCOMMON 0070
__tdiv_to_l_@f2                 cstackCOMMON 0074
__tdiv_to_l_@quot               cstackBANK0  0020
_configUART_RX                  text29       18E6
_configUART_TX                  text28       1002
_dpowers                        strings      1878
_fround                         text6        113C
_fround$1298                    cstackBANK0  004B
_fround$1299                    cstackBANK0  0047
_isdigit                        text5        18F8
_isdigit$1095                   cstackCOMMON 0070
_main                           maintext     159F
_readADC                        text27       1AC5
_read_char_UART                 text26       18EF
_scale                          text2        0CA1
_scale$1300                     cstackBANK0  004A
_setup                          text25       190A
_setupADC                       text24       19DE
_setupINTOSC                    text23       1C4A
_sprintf                        text1        0077
_sprintf$1301                   cstackBANK1  00AA
btemp                           (abs)        007E
configUART_RX@baudrate          cstackCOMMON 0070
configUART_TX@baudrate          cstackCOMMON 0070
end_of_initialization           cinit        07FC
fround@prec                     cstackBANK0  004F
intlevel0                       functab      0000
intlevel1                       functab      0000
intlevel2                       functab      0000
intlevel3                       functab      0000
intlevel4                       functab      0000
intlevel5                       functab      0000
isdigit@c                       cstackCOMMON 0071
main@ADC1                       cstackBANK1  00D1
main@ADC2                       cstackBANK1  00D4
main@CONT                       cstackBANK1  00D8
main@NUM                        cstackBANK1  00DB
main@NUM_C                      cstackBANK1  00CF
main@NUM_D                      cstackBANK1  00CD
main@NUM_U                      cstackBANK1  00CB
main@V1                         cstackBANK1  00C3
main@V2                         cstackBANK1  00C7
main@signo                      cstackBANK1  00D7
readADC@canal                   cstackCOMMON 0072
reset_vec                       reset_vec    0000
scale@scl                       cstackBANK0  004E
setupADC@canal                  cstackCOMMON 0071
setupINTOSC@OsciladorInterno    cstackCOMMON 0070
sprintf@ap                      cstackBANK1  00AE
sprintf@c                       cstackBANK1  00C2
sprintf@eexp                    cstackBANK1  00B1
sprintf@f                       cstackBANK1  00A0
sprintf@flag                    cstackBANK1  00AF
sprintf@fval                    cstackBANK1  00BB
sprintf@prec                    cstackBANK1  00BF
sprintf@sp                      cstackBANK1  00C1
sprintf@tmpval                  cstackBANK1  00B3
sprintf@val                     cstackBANK1  00B7
start                           init         0000
start_initialization            cinit        07FC
wtemp0                          (abs)        007E


MODULE INFORMATION

Module		Function		Class		Link	Load	Size
C:\Program Files\Microchip\xc8\v2.40\pic\sources\c90\common\fltol.c
		___fltol       		CODE           	100C	0000	120

C:\Program Files\Microchip\xc8\v2.40\pic\sources\c90\common\fltol.c estimated size: 120

C:\Program Files\Microchip\xc8\v2.40\pic\sources\c90\common\awdiv.c
		___awdiv       		CODE           	0010	0000	103

C:\Program Files\Microchip\xc8\v2.40\pic\sources\c90\common\awdiv.c estimated size: 103

configUART.c
		_configUART_RX 		CODE           	18E6	0000	9
		_configUART_TX 		CODE           	1002	0000	10
		_read_char_UART		CODE           	18EF	0000	9

configUART.c estimated size: 28

C:\Program Files\Microchip\xc8\v2.40\pic\sources\c90\common\sprcmul.c
		___flmul       		CODE           	095C	0000	837

C:\Program Files\Microchip\xc8\v2.40\pic\sources\c90\common\sprcmul.c estimated size: 837

C:\Program Files\Microchip\xc8\v2.40\pic\sources\c90\common\__lldiv.c
		___lldiv       		CODE           	1D10	0000	102

C:\Program Files\Microchip\xc8\v2.40\pic\sources\c90\common\__lldiv.c estimated size: 102

C:\Program Files\Microchip\xc8\v2.40\pic\sources\c90\common\flneg.c
		___flneg       		CODE           	0005	0000	11

C:\Program Files\Microchip\xc8\v2.40\pic\sources\c90\common\flneg.c estimated size: 11

C:\Program Files\Microchip\xc8\v2.40\pic\sources\c90\common\sprcdiv.c
		___fldiv       		CODE           	1E2D	0000	467

C:\Program Files\Microchip\xc8\v2.40\pic\sources\c90\common\sprcdiv.c estimated size: 467

C:\Program Files\Microchip\xc8\v2.40\pic\sources\c90\common\fleq.c
		___fleq        		CODE           	1B4B	0000	78

C:\Program Files\Microchip\xc8\v2.40\pic\sources\c90\common\fleq.c estimated size: 78

configLCD_8bits.c
		_Lcd_Write_String_8bits		CODE           	1A83	0000	66
		_Lcd_Port_8bits		CODE           	1A45	0000	62
		_Lcd_Clear_8bits		CODE           	18DF	0000	7
		_Lcd_Set_Cursor_8bits		CODE           	194E	0000	32
		_Lcd_Init_8bits		CODE           	1CAC	0000	100
		_Lcd_Cmd_8bits 		CODE           	1934	0000	26
		_Lcd_Write_Char_8bits		CODE           	191E	0000	22

configLCD_8bits.c estimated size: 315

configINTOSC.c
		_setupINTOSC   		CODE           	1C4A	0000	98

configINTOSC.c estimated size: 98

C:\Program Files\Microchip\xc8\v2.40\pic\sources\c90\common\Umul8_16.c
		__Umul8_16     		CODE           	19B7	0000	39

C:\Program Files\Microchip\xc8\v2.40\pic\sources\c90\common\Umul8_16.c estimated size: 39

C:\Program Files\Microchip\xc8\v2.40\pic\sources\c90\common\doprnt.c
		_scale         		CODE           	0CA1	0000	863
		_sprintf       		CODE           	0077	0000	1925
		_fround        		CODE           	113C	0000	523

C:\Program Files\Microchip\xc8\v2.40\pic\sources\c90\common\doprnt.c estimated size: 3311

C:\Program Files\Microchip\xc8\v2.40\pic\sources\c90\common\ftdivl.c
		__tdiv_to_l_   		CODE           	1D76	0000	183

C:\Program Files\Microchip\xc8\v2.40\pic\sources\c90\common\ftdivl.c estimated size: 183

C:\Program Files\Microchip\xc8\v2.40\pic\sources\c90\common\Umul16.c
		___wmul        		CODE           	1992	0000	37

C:\Program Files\Microchip\xc8\v2.40\pic\sources\c90\common\Umul16.c estimated size: 37

C:\Program Files\Microchip\xc8\v2.40\pic\sources\c90\common\lwmod.c
		___lwmod       		CODE           	1A0B	0000	58

C:\Program Files\Microchip\xc8\v2.40\pic\sources\c90\common\lwmod.c estimated size: 58

shared
		__stringtab    		STRING         	1800	0000	16
		__powers_      		STRING         	1810	0000	52
		_dpowers       		STRING         	1878	0000	40
		__npowers_     		STRING         	1844	0000	52
		__initialization		CODE           	07FC	0000	1

shared estimated size: 161

C:\Program Files\Microchip\xc8\v2.40\pic\sources\c90\common\llmod.c
		___llmod       		CODE           	1B99	0000	86

C:\Program Files\Microchip\xc8\v2.40\pic\sources\c90\common\llmod.c estimated size: 86

C:\Program Files\Microchip\xc8\v2.40\pic\sources\c90\common\isdigit.c
		_isdigit       		CODE           	18F8	0000	18

C:\Program Files\Microchip\xc8\v2.40\pic\sources\c90\common\isdigit.c estimated size: 18

C:\Program Files\Microchip\xc8\v2.40\pic\sources\c90\common\sprcadd.c
		___flsub       		CODE           	196E	0000	36
		___fladd       		CODE           	1347	0000	600

C:\Program Files\Microchip\xc8\v2.40\pic\sources\c90\common\sprcadd.c estimated size: 636

C:\Program Files\Microchip\xc8\v2.40\pic\sources\c90\common\awmod.c
		___awmod       		CODE           	1BEF	0000	91

C:\Program Files\Microchip\xc8\v2.40\pic\sources\c90\common\awmod.c estimated size: 91

C:\Program Files\Microchip\xc8\v2.40\pic\sources\c90\common\flge.c
		___flge        		CODE           	0802	0000	162

C:\Program Files\Microchip\xc8\v2.40\pic\sources\c90\common\flge.c estimated size: 162

configADC.c
		_readADC       		CODE           	1AC5	0000	66
		_setupADC      		CODE           	19DE	0000	45

configADC.c estimated size: 111

main.c
		_main          		CODE           	159F	0000	609
		_setup         		CODE           	190A	0000	20

main.c estimated size: 629

C:\Program Files\Microchip\xc8\v2.40\pic\sources\c90\common\fldivl.c
		__div_to_l_    		CODE           	08A4	0000	184

C:\Program Files\Microchip\xc8\v2.40\pic\sources\c90\common\fldivl.c estimated size: 184

C:\Program Files\Microchip\xc8\v2.40\pic\sources\c90\common\lwdiv.c
		___lwdiv       		CODE           	1B07	0000	68

C:\Program Files\Microchip\xc8\v2.40\pic\sources\c90\common\lwdiv.c estimated size: 68

C:\Program Files\Microchip\xc8\v2.40\pic\sources\c90\common\xxtofl.c
		___xxtofl      		CODE           	1084	0000	184

C:\Program Files\Microchip\xc8\v2.40\pic\sources\c90\common\xxtofl.c estimated size: 184

